{
  "contract": "specstride-provider-terminal/v1",
  "malformed_stream": false,
  "provider_terminal": {
    "input_tokens": 12,
    "model": "fixture-model",
    "num_turns": 1,
    "output_tokens": 6,
    "status": "success",
    "stop_reason": "end_turn",
    "total_tokens": 18,
    "turns": 1
  }
}
